GID,Parishes,Districts
6,Nidodog,Ecanlor
9,Wetlands,Nirghol
2,Denvialg,Danlhigh
4,Nalmacn,Danlhigh
3,Aina,Danlhigh
3,Dinram,Danlhigh
5,Nebahekal,Danlhigh
8,Ogardnep,Ecanlor
7,Nirghol,Nirghol
