GID,Parishes,Districts,Districts
6,Nidodog,Ecanlor,
9,Wetlands,Nirghol,
2,Denvialg,Ecanlor,Danlhigh
4,Nalmacn,Ecanlor,Danlhigh
3,Aina,Danlhigh,
3,Dinram,Danlhigh,
5,Nebahekal,Ecanlor,Danlhigh
8,Ogardnep,Ecanlor,
7,Nirghol,Nirghol,
