Match_File,GID,Parish,Districts_0,Districts_1
1951,2,Denvialg,Ecanlor,Danlhigh
1951,4,Nalmacn,Ecanlor,Danlhigh
1951,5,Nebahekal,Ecanlor,Danlhigh
