GID,Parish,Districts
2,Denvialg,Danlhigh
8,Ogardnep,Ecanlor
5,Nebahekal,Ecanlor
4,Nalmacn,Danlhigh
6,Nidodog,Ecanlor
4,Nalmacn,Ecanlor
2,Denvialg,Ecanlor
7,Nirghol,Nirghol
3,Dinram,Danlhigh
9,Wetlands,Nirghol
3,Aina,Danlhigh
5,Nebahekal,Danlhigh
