GID,Parish,Districts,Alt_Districts_1
2,Denvialg,Danlhigh,
8,Ogardnep,Ecanlor,Ezandlor
5,Nebahekal,Ecanlor,Ezandlor
4,Nalmacn,Danlhigh,
6,Nidodog,Ecanlor,Ezandlor
4,Nalmacn,Ecanlor,Ezandlor
2,Denvialg,Ecanlor,Ezandlor
7,Nirghol,Nirghol,
3,Dinram,Danlhigh,
9,Wetlands,Nirghol,
3,Aina,Danlhigh,
5,Nebahekal,Danlhigh,
