Match_File,GID,Parish,District
1951,2,Denvialg,Ecanlor
1951,4,Nalmacn,Ecanlor
1951,5,Nebahekal,Ecanlor
