Parishes
Denvialg
Wetlands
Aina
Dinram
Nebahekal
Nalmacn
Ogardnep
Nidodog
Nirghol
