Districts,District1
Nirghol,
Danlhigh,
Ecanlor,Ezandlor
