Parish
Nidodog
Wetlands
Aina
Nalmacn
Nirghol
Nebahekal
Dinram
Ogardnep
Denvialg
